
> my-project@0.1.0 build C:\Users\DELL\Desktop\v0-intell-meet-ui-design-main\apps\frontend
> next build

▲ Next.js 16.2.0 (Turbopack)

  Creating an optimized production build ...
✓ Compiled successfully in 8.0s
  Skipping validation of types
  Finished TypeScript config validation in 40ms ...
  Collecting page data using 7 workers ...
  Generating static pages using 7 workers (0/15) ...
  Generating static pages using 7 workers (3/15) 
  Generating static pages using 7 workers (7/15) 
  Generating static pages using 7 workers (11/15) 
✓ Generating static pages using 7 workers (15/15) in 907ms
  Finalizing page optimization ...

Route (app)
┌ ○ /
├ ○ /_not-found
├ ○ /dashboard
├ ○ /dashboard/chat
├ ○ /dashboard/projects
├ ○ /dashboard/recordings
├ ○ /dashboard/tasks
├ ○ /dashboard/teams
├ ○ /forgot-password
├ ○ /login
├ ○ /meeting/join
├ ○ /meeting/lobby
├ ○ /meeting/room
└ ○ /signup


○  (Static)  prerendered as static content

